PS J:\Dokcer DevOps Class Batch 2409\Test> docker images
REPOSITORY                  TAG       IMAGE ID       CREATED          SIZE 
host_web_file               latest    ee73d73e1502   17 minutes ago   148MB
flask-app                   10        1d5b196f5e7e   6 days ago       136MB
my-php-app                  latest    80645b393e98   6 days ago       564MB
mysql                       latest    a82a8f162e18   7 weeks ago      586MB
redis                       latest    da63666bbe9a   12 months ago    138MB
amshuvo64/getting-started   latest    096eff64a096   12 months ago    268MB
getting-started             latest    096eff64a096   12 months ago    268MB
phpmyadmin/phpmyadmin       latest    933569f3a9f6   14 months ago    562MB
rnwood/smtp4dev             latest    61bb7cf0c8be   2 years ago      270MB
PS J:\Dokcer DevOps Class Batch 2409\Test> docker tag host_web_file:upload_file amshuvo64/test:upload_image
Error response from daemon: No such image: host_web_file:upload_file
PS J:\Dokcer DevOps Class Batch 2409\Test> docker tag host_web_file: amshuvo64/test:upload_image           
Error parsing reference: "host_web_file:" is not a valid repository/tag: invalid reference format
PS J:\Dokcer DevOps Class Batch 2409\Test> docker tag host_web_file:latest amshuvo64/test:upload_image
PS J:\Dokcer DevOps Class Batch 2409\Test> docker push amshuvo64/test:upload_image 
The push refers to repository [docker.io/amshuvo64/test]
e0ebb4dc5774: Pushed
fe791a52e8aa: Mounted from library/httpd
c07c2ac88233: Mounted from library/httpd
9410fd7a52d7: Mounted from library/httpd
5f70bf18a086: Mounted from library/httpd
0823b3739e74: Mounted from library/httpd
8e2ab394fabf: Mounted from library/httpd
upload_image: digest: sha256:ad53fdffdad8ab8a849f162272cb182683846356e4b54d5671938ce8dbc38e94 size: 1779
PS J:\Dokcer DevOps Class Batch 2409\Test> 
